// Jest Snapshot v1, https://goo.gl/fbAQLP

exports[`CounterComponent renders markup to snapshot 1`] = `
<playground--counter
  counter={[Function CounterStore]}
>
  <div>
    <p>
      Clicked: 0 times, value is even.
    </p>
    <div>
      <button
        mat-raised-button="mat-raised-button"
      >
        Increment
      </button>
      <button
        mat-raised-button="mat-raised-button"
      >
        Decrement
      </button>
    </div>
    <div>
      <button
        mat-raised-button="mat-raised-button"
      >
        Increment (Async)
      </button>
      <button
        mat-raised-button="mat-raised-button"
      >
        Decrement (Async)
      </button>
      <button
        mat-raised-button="mat-raised-button"
      >
        Increment (If Odd)
      </button>
      <button
        mat-raised-button="mat-raised-button"
      >
        Decrement (If Even)
      </button>
    </div>
  </div>
</playground--counter>
`;
